
> frontend@0.0.0 build
> tsc -b && vite build

src/App.tsx(11,35): error TS2304: Cannot find name 'Home'.
src/components/dialogs/FixPermissionDialog.tsx(14,38): error TS6133: 'fixedCode' is declared but its value is never read.
src/components/Navbar.tsx(2,33): error TS6133: 'Moon' is declared but its value is never read.
src/components/Navbar.tsx(2,44): error TS6133: 'Layout' is declared but its value is never read.
src/components/panels/BeginnerExplanationPanel.tsx(6,39): error TS6133: 'analysis' is declared but its value is never read.
src/components/panels/CallStackPanel.tsx(2,15): error TS2305: Module '"../../store/executionStore"' has no exported member 'StackFrame'.
src/components/panels/MemoryPanel.tsx(1,1): error TS6133: 'motion' is declared but its value is never read.
src/components/panels/OutputPanel.tsx(1,20): error TS6133: 'X' is declared but its value is never read.
src/components/panels/OutputPanel.tsx(6,50): error TS6133: 'traceMode' is declared but its value is never read.
src/components/panels/VariablesPanel.tsx(1,10): error TS6133: 'motion' is declared but its value is never read.
src/components/panels/VariablesPanel.tsx(2,15): error TS2305: Module '"../../store/executionStore"' has no exported member 'StackFrame'.
src/features/visualizer/components/AnalysisInfoButton.tsx(7,23): error TS6133: 'traceMode' is declared but its value is never read.
src/features/visualizer/components/VisualizerHeader.tsx(1,10): error TS6133: 'RotateCw' is declared but its value is never read.
src/features/visualizer/components/VisualizerHeader.tsx(1,20): error TS6133: 'X' is declared but its value is never read.
src/features/visualizer/components/VisualizerHeader.tsx(2,1): error TS6133: 'Link' is declared but its value is never read.
src/features/visualizer/components/VisualizerHeader.tsx(7,13): error TS6133: 'connect' is declared but its value is never read.
src/features/visualizer/components/VisualizerHeader.tsx(7,22): error TS6133: 'isConnected' is declared but its value is never read.
src/features/visualizer/components/VisualizerHeader.tsx(7,35): error TS6133: 'runCode' is declared but its value is never read.
src/features/visualizer/components/VisualizerHeader.tsx(7,44): error TS6133: 'reset' is declared but its value is never read.
src/features/visualizer/components/VisualizerHeader.tsx(9,11): error TS6133: 'hasExecution' is declared but its value is never read.
src/pages/CuratedSheet.tsx(17,11): error TS6133: 'setCode' is declared but its value is never read.
src/pages/ProblemWorkspace.tsx(12,8): error TS2300: Duplicate identifier 'ReactMarkdown'.
src/pages/ProblemWorkspace.tsx(12,27): error TS2307: Cannot find module 'react-markdown' or its corresponding type declarations.
src/pages/ProblemWorkspace.tsx(13,8): error TS2300: Duplicate identifier 'ReactMarkdown'.
src/pages/ProblemWorkspace.tsx(13,27): error TS2307: Cannot find module 'react-markdown' or its corresponding type declarations.
src/pages/ProblemWorkspace.tsx(14,23): error TS2307: Cannot find module 'remark-gfm' or its corresponding type declarations.
src/pages/ProblemWorkspace.tsx(54,25): error TS2304: Cannot find name 'setCode'.
src/pages/ProblemWorkspace.tsx(63,19): error TS2304: Cannot find name 'setCode'.
src/store/executionStore.ts(177,54): error TS2339: Property 'output' does not exist on type 'TraceResult'.
