src/languages/cpp/executor.ts(112,16): error TS2802: Type 'Generator<ExecutionTrace, any, any>' can only be iterated through when using the '--downlevelIteration' flag or with a '--target' of 'es2015' or higher.
src/languages/cpp/executor.ts(127,20): error TS2802: Type 'Generator<ExecutionTrace, any, any>' can only be iterated through when using the '--downlevelIteration' flag or with a '--target' of 'es2015' or higher.
src/languages/cpp/executor.ts(141,20): error TS2802: Type 'Generator<ExecutionTrace, any, any>' can only be iterated through when using the '--downlevelIteration' flag or with a '--target' of 'es2015' or higher.
src/languages/cpp/executor.ts(151,36): error TS2802: Type 'Generator<any, any, any>' can only be iterated through when using the '--downlevelIteration' flag or with a '--target' of 'es2015' or higher.
src/languages/cpp/executor.ts(160,28): error TS2802: Type 'Generator<ExecutionTrace, any, any>' can only be iterated through when using the '--downlevelIteration' flag or with a '--target' of 'es2015' or higher.
src/languages/cpp/executor.ts(166,38): error TS2802: Type 'Generator<any, any, any>' can only be iterated through when using the '--downlevelIteration' flag or with a '--target' of 'es2015' or higher.
src/languages/cpp/executor.ts(176,44): error TS2802: Type 'Generator<any, any, any>' can only be iterated through when using the '--downlevelIteration' flag or with a '--target' of 'es2015' or higher.
src/languages/cpp/executor.ts(181,48): error TS2802: Type 'Generator<any, any, any>' can only be iterated through when using the '--downlevelIteration' flag or with a '--target' of 'es2015' or higher.
src/languages/cpp/executor.ts(209,36): error TS2802: Type 'Generator<any, any, any>' can only be iterated through when using the '--downlevelIteration' flag or with a '--target' of 'es2015' or higher.
src/languages/cpp/executor.ts(216,24): error TS2802: Type 'Generator<any, any, any>' can only be iterated through when using the '--downlevelIteration' flag or with a '--target' of 'es2015' or higher.
src/languages/cpp/executor.ts(221,37): error TS2802: Type 'Generator<any, any, any>' can only be iterated through when using the '--downlevelIteration' flag or with a '--target' of 'es2015' or higher.
src/languages/cpp/executor.ts(225,28): error TS2802: Type 'Generator<ExecutionTrace, any, any>' can only be iterated through when using the '--downlevelIteration' flag or with a '--target' of 'es2015' or higher.
src/languages/cpp/executor.ts(227,28): error TS2802: Type 'Generator<ExecutionTrace, any, any>' can only be iterated through when using the '--downlevelIteration' flag or with a '--target' of 'es2015' or higher.
src/languages/cpp/executor.ts(234,41): error TS2802: Type 'Generator<any, any, any>' can only be iterated through when using the '--downlevelIteration' flag or with a '--target' of 'es2015' or higher.
src/languages/cpp/executor.ts(237,28): error TS2802: Type 'Generator<ExecutionTrace, any, any>' can only be iterated through when using the '--downlevelIteration' flag or with a '--target' of 'es2015' or higher.
src/languages/cpp/executor.ts(245,28): error TS2802: Type 'Generator<ExecutionTrace, any, any>' can only be iterated through when using the '--downlevelIteration' flag or with a '--target' of 'es2015' or higher.
src/languages/cpp/executor.ts(250,45): error TS2802: Type 'Generator<any, any, any>' can only be iterated through when using the '--downlevelIteration' flag or with a '--target' of 'es2015' or higher.
src/languages/cpp/executor.ts(255,28): error TS2802: Type 'Generator<ExecutionTrace, any, any>' can only be iterated through when using the '--downlevelIteration' flag or with a '--target' of 'es2015' or higher.
src/languages/cpp/executor.ts(258,32): error TS2802: Type 'Generator<any, any, any>' can only be iterated through when using the '--downlevelIteration' flag or with a '--target' of 'es2015' or higher.
src/languages/cpp/executor.ts(268,28): error TS2802: Type 'Generator<ExecutionTrace, any, any>' can only be iterated through when using the '--downlevelIteration' flag or with a '--target' of 'es2015' or higher.
src/languages/cpp/executor.ts(280,20): error TS2802: Type 'Generator<ExecutionTrace, any, any>' can only be iterated through when using the '--downlevelIteration' flag or with a '--target' of 'es2015' or higher.
src/languages/cpp/executor.ts(283,20): error TS2802: Type 'Generator<ExecutionTrace, any, any>' can only be iterated through when using the '--downlevelIteration' flag or with a '--target' of 'es2015' or higher.
src/languages/cpp/executor.ts(293,37): error TS2802: Type 'Generator<any, any, any>' can only be iterated through when using the '--downlevelIteration' flag or with a '--target' of 'es2015' or higher.
src/languages/cpp/executor.ts(314,38): error TS2802: Type 'Generator<any, any, any>' can only be iterated through when using the '--downlevelIteration' flag or with a '--target' of 'es2015' or higher.
src/languages/cpp/executor.ts(348,37): error TS2802: Type 'Generator<any, any, any>' can only be iterated through when using the '--downlevelIteration' flag or with a '--target' of 'es2015' or higher.
src/languages/cpp/executor.ts(353,38): error TS2802: Type 'Generator<any, any, any>' can only be iterated through when using the '--downlevelIteration' flag or with a '--target' of 'es2015' or higher.
src/languages/cpp/executor.ts(358,35): error TS2802: Type 'Generator<ExecutionTrace, any, any>' can only be iterated through when using the '--downlevelIteration' flag or with a '--target' of 'es2015' or higher.
src/languages/cpp/executor.ts(398,36): error TS2802: Type 'Generator<any, any, any>' can only be iterated through when using the '--downlevelIteration' flag or with a '--target' of 'es2015' or higher.
src/languages/cpp/executor.ts(402,40): error TS2802: Type 'Generator<any, any, any>' can only be iterated through when using the '--downlevelIteration' flag or with a '--target' of 'es2015' or higher.
src/languages/cpp/executor.ts(429,42): error TS2802: Type 'Generator<any, any, any>' can only be iterated through when using the '--downlevelIteration' flag or with a '--target' of 'es2015' or higher.
