src/languages/cpp/parser.ts(541,9): error TS2322: Type '{ type: "MultiVariableDeclaration"; declarations: VariableDeclaration[]; line: number | undefined; }' is not assignable to type 'ASTNode'.
  Types of property 'line' are incompatible.
    Type 'number | undefined' is not assignable to type 'number'.
      Type 'undefined' is not assignable to type 'number'.
